
  ___  ____  ____  ____  ____ ®
 /__    /   ____/   /   ____/      18.0
___/   /   /___/   /   /___/       MP—Parallel Edition

 Statistics and Data Science       Copyright 1985-2023 StataCorp LLC
                                   StataCorp
                                   4905 Lakeway Drive
                                   College Station, Texas 77845 USA
                                   800-STATA-PC        https://www.stata.com
                                   979-696-4600        stata@stata.com

Stata license: Single-user 2-core  perpetual
Serial number: 501806366047
  Licensed to: sonnen
               

Notes:
      1. Stata is running in batch mode.
      2. Unicode is supported; see help unicode_advice.
      3. More than 2 billion observations are allowed; see help obs_advice.
      4. Maximum number of variables is set to 5,000 but can be increased;
          see help set_maxvar.

. do demo_surveyclean.do 

. * demo_surveyclean.do
. * Demonstrates all surveyclean subcommands on a synthetic complex-survey
. * dataset. Run after installing surveyclean (see README.md).
. 
. clear all

. set more off

. set seed 4820

. 
. * --- build a synthetic complex-survey dataset ------------------------------
> --
. set obs 500
Number of observations (_N) was 0, now 500.

. gen byte stratum = mod(_n, 4) + 1

. gen byte psu = ceil(_n / 20)           // ~25 obs per PSU, nested in stratum

. gen byte region = mod(_n, 4) + 1       // 4 regions, for the benchmark demo

. 
. gen pweight = rgamma(4,4)

. replace pweight = pweight * 50
(500 real changes made)

. replace pweight = pweight * 15 in 1/3   // plant a few extreme weights
(3 real changes made)

. replace pweight = 0 in 10               // plant an invalid zero weight
(1 real change made)

. replace pweight = . in 20               // plant a missing weight
(1 real change made, 1 to missing)

. 
. * make stratum 4 a singleton-PSU stratum for the demo
. replace psu = 999 if stratum == 4
variable psu was byte now int
(125 real changes made)

. 
. * --- wtcheck demo ----------------------------------------------------------
> ---
. surveyclean wtcheck pweight, threshold(8)

------------------------------------------------------------
Survey weight check: pweight
------------------------------------------------------------
N observations:                499
Missing weights:                 0
Zero weights:                    1
Negative weights:                0
------------------------------------------------------------
Mean:       891.162
Median:     750.862
SD:        1101.423
CV:           1.236
Min:          0.000
Max:      18098.441
------------------------------------------------------------
Weights > 8x median (possible extreme values): 3
------------------------------------------------------------

. 
. * --- stratdx demo ----------------------------------------------------------
> -----
. surveyclean stratdx, strata(stratum) psu(psu)
(file /var/folders/0p/5vly9pbd39qfj34jb69svcrr0000gn/T//St06018.000001 not
    found)

------------------------------------------------------------
Stratification / PSU structure check
------------------------------------------------------------
Observations:                        500
Strata:                                4
Unique PSUs:                          26
PSUs per stratum -- min/mean/max:    1 / 19.0 /   25
Singleton strata (only 1 PSU):         1
PSUs spanning >1 stratum:             25
------------------------------------------------------------
WARNING: singleton strata found -- linearized variance estimation may fail;
  consider svyset's singleunit() option (e.g. singleunit(certainty) or scaled)
WARNING: some PSU codes are not uniquely nested within a stratum --
  PSU IDs are usually only unique within a stratum, not across the whole sample
> ;
  consider using stratum#psu as a combined PSU identifier
------------------------------------------------------------

. 
. * --- benchmark demo --------------------------------------------------------
> ---
. * suppose the true population shares of region 1-4 are 20% / 30% / 30% / 20%
. surveyclean benchmark region, weight(pweight) popshare(20 30 30 20)
invalid syntax
r(198);

end of do-file
r(198);
